==2== Memcheck, a memory error detector
==2== Copyright (C) 2002-2022, and GNU GPL'd, by Julian Seward et al.
==2== Using Valgrind-3.22.0 and LibVEX; rerun with -h for copyright info
==2== Command: ./demo
==2== Parent PID: 1
==2== 
==2== Invalid write of size 4
==2==    at 0x1091DC: write_past_end (demo.c:11)
==2==    by 0x109292: main (demo.c:35)
==2==  Address 0x4a8404c is 0 bytes after a block of size 12 alloc'd
==2==    at 0x4846828: malloc (in /usr/libexec/valgrind/vgpreload_memcheck-amd64-linux.so)
==2==    by 0x1091BE: write_past_end (demo.c:9)
==2==    by 0x109292: main (demo.c:35)
==2== 
==2== Invalid read of size 4
==2==    at 0x109236: read_after_free (demo.c:21)
==2==    by 0x109297: main (demo.c:36)
==2==  Address 0x4a84090 is 0 bytes inside a block of size 4 free'd
==2==    at 0x484988F: free (in /usr/libexec/valgrind/vgpreload_memcheck-amd64-linux.so)
==2==    by 0x109231: read_after_free (demo.c:20)
==2==    by 0x109297: main (demo.c:36)
==2==  Block was alloc'd at
==2==    at 0x4846828: malloc (in /usr/libexec/valgrind/vgpreload_memcheck-amd64-linux.so)
==2==    by 0x109206: read_after_free (demo.c:17)
==2==    by 0x109297: main (demo.c:36)
==2== 
==2== 
==2== HEAP SUMMARY:
==2==     in use at exit: 64 bytes in 1 blocks
==2==   total heap usage: 4 allocs, 3 frees, 4,176 bytes allocated
==2== 
==2== 64 bytes in 1 blocks are definitely lost in loss record 1 of 1
==2==    at 0x4846828: malloc (in /usr/libexec/valgrind/vgpreload_memcheck-amd64-linux.so)
==2==    by 0x109256: lose_allocation (demo.c:26)
==2==    by 0x10929C: main (demo.c:37)
==2== 
==2== LEAK SUMMARY:
==2==    definitely lost: 64 bytes in 1 blocks
==2==    indirectly lost: 0 bytes in 0 blocks
==2==      possibly lost: 0 bytes in 0 blocks
==2==    still reachable: 0 bytes in 0 blocks
==2==         suppressed: 0 bytes in 0 blocks
==2== 
==2== For lists of detected and suppressed errors, rerun with: -s
==2== ERROR SUMMARY: 3 errors from 3 contexts (suppressed: 0 from 0)
